// Jest Snapshot v1, https://goo.gl/fbAQLP

exports[`public api 1`] = `
Array [
  "parseEnvValue",
  "parseFsRead",
  "parseList",
  "parseBoolean",
  "parseNumber",
  "parseJson",
  "parseEnv",
  "ParseEnvError",
  "PARSE_ENV_REQUIRED_ERROR",
  "ParseEnvRequiredError",
  "PARSE_ENV_INVALID_INPUT_ERROR",
  "ParseEnvInvalidInputError",
]
`;
